Hinst Name                                                  Module Name                                                                                                                                             Inst Count           Total Area               Buffer             Inverter        Combinational                 Flop                Latch           Clock Gate                Macro             Physical
------------------------------------------------------------------------------------------------------------------------------------------------------------------------------------------------------------------------------------------------------------------------------------------------------------------------------------------------------------------------------------------------------------------------------------
top                                                                                                                                                                                                                       6053           622933.868             2650.042             3338.202            35546.592             9261.382                0.000             1202.403           572137.650                0.000
 controller_inst                                            top_controller_PLAINTEXT_MODULUS64_PLAINTEXT_WIDTH6_CIPHERTEXT_MODULUS1024_CIPHERTEXT_WIDTH10_DIMENSION10_BIG_N30_ADDR_WIDTH10_0                               151             1535.222               11.261               51.299              815.782              656.880                0.000               65.062                0.000                0.000
  controller_inst/add_x_1                                   top_controller_PLAINTEXT_MODULUS64_PLAINTEXT_WIDTH6_CIPHERTEXT_MODULUS1024_CIPHERTEXT_WIDTH10_DIMENSION10_BIG_N30_ADDR_WIDTH10_DW01_inc_J2_1_0                   9              128.874                0.000                0.000              128.874                0.000                0.000                0.000                0.000                0.000
  controller_inst/add_x_2                                   top_controller_PLAINTEXT_MODULUS64_PLAINTEXT_WIDTH6_CIPHERTEXT_MODULUS1024_CIPHERTEXT_WIDTH10_DIMENSION10_BIG_N30_ADDR_WIDTH10_DW01_inc_J2_0_0                   9              128.874                0.000                0.000              128.874                0.000                0.000                0.000                0.000                0.000
  controller_inst/clk_gate_op1_addr_reg                     top_SNPS_CLOCK_GATE_HIGH_controller_PLAINTEXT_MODULUS64_PLAINTEXT_WIDTH6_CIPHERTEXT_MODULUS1024_CIPHERTEXT_WIDTH10_DIMENSION10_BIG_N30_ADDR_WIDTH10_0            1               22.522                0.000                0.000                0.000               22.522                0.000               22.522                0.000                0.000
  controller_inst/clk_gate_op2_addr_reg                     top_SNPS_CLOCK_GATE_HIGH_controller_PLAINTEXT_MODULUS64_PLAINTEXT_WIDTH6_CIPHERTEXT_MODULUS1024_CIPHERTEXT_WIDTH10_DIMENSION10_BIG_N30_ADDR_WIDTH10_2            1               22.522                0.000                0.000                0.000               22.522                0.000               22.522                0.000                0.000
  controller_inst/clk_gate_row_reg                          top_SNPS_CLOCK_GATE_HIGH_controller_PLAINTEXT_MODULUS64_PLAINTEXT_WIDTH6_CIPHERTEXT_MODULUS1024_CIPHERTEXT_WIDTH10_DIMENSION10_BIG_N30_ADDR_WIDTH10_1            1               20.019                0.000                0.000                0.000               20.019                0.000               20.019                0.000                0.000
 decrypt_inst                                               top_decrypt_PLAINTEXT_MODULUS64_PLAINTEXT_WIDTH6_CIPHERTEXT_MODULUS1024_CIPHERTEXT_WIDTH10_DIMENSION10_BIG_N30_0                                                75              778.246                3.754               51.299              603.078              120.115                0.000                0.000                0.000                0.000
  decrypt_inst/DP_OP_8J2_125_8991                           top_decrypt_PLAINTEXT_MODULUS64_PLAINTEXT_WIDTH6_CIPHERTEXT_MODULUS1024_CIPHERTEXT_WIDTH10_DIMENSION10_BIG_N30_DP_OP_8J2_125_8991_J2_0_0                        54              553.030                0.000               46.294              506.736                0.000                0.000                0.000                0.000                0.000
 encrypt_inst                                               top_encrypt_PLAINTEXT_MODULUS64_PLAINTEXT_WIDTH6_CIPHERTEXT_MODULUS1024_CIPHERTEXT_WIDTH10_DIMENSION10_DIM_WIDTH4_BIG_N30_0                                     94              825.792                0.000              117.613              427.910              280.269                0.000                0.000                0.000                0.000
  encrypt_inst/DP_OP_13J2_122_8992                          top_encrypt_PLAINTEXT_MODULUS64_PLAINTEXT_WIDTH6_CIPHERTEXT_MODULUS1024_CIPHERTEXT_WIDTH10_DIMENSION10_DIM_WIDTH4_BIG_N30_DP_OP_13J2_122_8992_J2_0_0            11              212.704                0.000                0.000              212.704                0.000                0.000                0.000                0.000                0.000
 homomorphic_inst                                           top_homomorphic_add_PLAINTEXT_MODULUS64_PLAINTEXT_WIDTH6_CIPHERTEXT_MODULUS1024_CIPHERTEXT_WIDTH10_DIMENSION10_BIG_N30_0                                        11              212.704                0.000                0.000              212.704                0.000                0.000                0.000                0.000                0.000
  homomorphic_inst/add_x_1                                  top_homomorphic_add_PLAINTEXT_MODULUS64_PLAINTEXT_WIDTH6_CIPHERTEXT_MODULUS1024_CIPHERTEXT_WIDTH10_DIMENSION10_BIG_N30_DW01_add_J2_0_0                          11              212.704                0.000                0.000              212.704                0.000                0.000                0.000                0.000                0.000
 homomorphic_multiply_inst                                  top_homomorphic_multiply_PLAINTEXT_MODULUS64_PLAINTEXT_WIDTH6_DIMENSION10_CIPHERTEXT_MODULUS1024_CIPHERTEXT_WIDTH10_BIG_N30_0                                 5165            42783.533              384.118             2036.954            32837.744             7524.717                0.000             1118.573                0.000                0.000
  homomorphic_multiply_inst/DP_OP_900J1_122_2598            top_homomorphic_multiply_PLAINTEXT_MODULUS64_PLAINTEXT_WIDTH6_DIMENSION10_CIPHERTEXT_MODULUS1024_CIPHERTEXT_WIDTH10_BIG_N30_DP_OP_900J1_122_2598_J1_0_0        127             1357.552                0.000               33.782             1323.770                0.000                0.000                0.000                0.000                0.000
  homomorphic_multiply_inst/DP_OP_901J1_123_2598            top_homomorphic_multiply_PLAINTEXT_MODULUS64_PLAINTEXT_WIDTH6_DIMENSION10_CIPHERTEXT_MODULUS1024_CIPHERTEXT_WIDTH10_BIG_N30_DP_OP_901J1_123_2598_J1_0_0        127             1358.803                0.000               32.531             1326.272                0.000                0.000                0.000                0.000                0.000
  homomorphic_multiply_inst/DP_OP_902J1_124_2598            top_homomorphic_multiply_PLAINTEXT_MODULUS64_PLAINTEXT_WIDTH6_DIMENSION10_CIPHERTEXT_MODULUS1024_CIPHERTEXT_WIDTH10_BIG_N30_DP_OP_902J1_124_2598_J1_0_0        127             1353.798                0.000               30.029             1323.770                0.000                0.000                0.000                0.000                0.000
  homomorphic_multiply_inst/DP_OP_903J1_125_2598            top_homomorphic_multiply_PLAINTEXT_MODULUS64_PLAINTEXT_WIDTH6_DIMENSION10_CIPHERTEXT_MODULUS1024_CIPHERTEXT_WIDTH10_BIG_N30_DP_OP_903J1_125_2598_J1_0_0        127             1355.050                0.000               31.280             1323.770                0.000                0.000                0.000                0.000                0.000
  homomorphic_multiply_inst/DP_OP_904J1_126_2598            top_homomorphic_multiply_PLAINTEXT_MODULUS64_PLAINTEXT_WIDTH6_DIMENSION10_CIPHERTEXT_MODULUS1024_CIPHERTEXT_WIDTH10_BIG_N30_DP_OP_904J1_126_2598_J1_0_0        127             1355.050                0.000               31.280             1323.770                0.000                0.000                0.000                0.000                0.000
  homomorphic_multiply_inst/DP_OP_905J1_127_2598            top_homomorphic_multiply_PLAINTEXT_MODULUS64_PLAINTEXT_WIDTH6_DIMENSION10_CIPHERTEXT_MODULUS1024_CIPHERTEXT_WIDTH10_BIG_N30_DP_OP_905J1_127_2598_J1_0_0        127             1353.798                0.000               30.029             1323.770                0.000                0.000                0.000                0.000                0.000
  homomorphic_multiply_inst/DP_OP_906J1_128_2598            top_homomorphic_multiply_PLAINTEXT_MODULUS64_PLAINTEXT_WIDTH6_DIMENSION10_CIPHERTEXT_MODULUS1024_CIPHERTEXT_WIDTH10_BIG_N30_DP_OP_906J1_128_2598_J1_0_0        127             1357.552                0.000               31.280             1326.272                0.000                0.000                0.000                0.000                0.000
  homomorphic_multiply_inst/DP_OP_907J1_129_2598            top_homomorphic_multiply_PLAINTEXT_MODULUS64_PLAINTEXT_WIDTH6_DIMENSION10_CIPHERTEXT_MODULUS1024_CIPHERTEXT_WIDTH10_BIG_N30_DP_OP_907J1_129_2598_J1_0_0        127             1353.798                0.000               30.029             1323.770                0.000                0.000                0.000                0.000                0.000
  homomorphic_multiply_inst/DP_OP_908J1_130_2598            top_homomorphic_multiply_PLAINTEXT_MODULUS64_PLAINTEXT_WIDTH6_DIMENSION10_CIPHERTEXT_MODULUS1024_CIPHERTEXT_WIDTH10_BIG_N30_DP_OP_908J1_130_2598_J1_0_0        127             1363.808                0.000               30.029             1333.779                0.000                0.000                0.000                0.000                0.000
  homomorphic_multiply_inst/DP_OP_909J1_131_2598            top_homomorphic_multiply_PLAINTEXT_MODULUS64_PLAINTEXT_WIDTH6_DIMENSION10_CIPHERTEXT_MODULUS1024_CIPHERTEXT_WIDTH10_BIG_N30_DP_OP_909J1_131_2598_J1_0_0        127             1353.798                0.000               30.029             1323.770                0.000                0.000                0.000                0.000                0.000
  homomorphic_multiply_inst/DP_OP_910J1_132_2598            top_homomorphic_multiply_PLAINTEXT_MODULUS64_PLAINTEXT_WIDTH6_DIMENSION10_CIPHERTEXT_MODULUS1024_CIPHERTEXT_WIDTH10_BIG_N30_DP_OP_910J1_132_2598_J1_0_0        127             1355.050                0.000               31.280             1323.770                0.000                0.000                0.000                0.000                0.000
  homomorphic_multiply_inst/clk_gate_ciphertext1_reg_0_     top_SNPS_CLOCK_GATE_HIGH_homomorphic_multiply_PLAINTEXT_MODULUS64_PLAINTEXT_WIDTH6_DIMENSION10_CIPHERTEXT_MODULUS1024_CIPHERTEXT_WIDTH10_BIG_N30_22              1               22.522                0.000                0.000                0.000               22.522                0.000               22.522                0.000                0.000
  homomorphic_multiply_inst/clk_gate_ciphertext1_reg_10_    top_SNPS_CLOCK_GATE_HIGH_homomorphic_multiply_PLAINTEXT_MODULUS64_PLAINTEXT_WIDTH6_DIMENSION10_CIPHERTEXT_MODULUS1024_CIPHERTEXT_WIDTH10_BIG_N30_0               1               22.522                0.000                0.000                0.000               22.522                0.000               22.522                0.000                0.000
  homomorphic_multiply_inst/clk_gate_ciphertext1_reg_1_     top_SNPS_CLOCK_GATE_HIGH_homomorphic_multiply_PLAINTEXT_MODULUS64_PLAINTEXT_WIDTH6_DIMENSION10_CIPHERTEXT_MODULUS1024_CIPHERTEXT_WIDTH10_BIG_N30_23              1               22.522                0.000                0.000                0.000               22.522                0.000               22.522                0.000                0.000
  homomorphic_multiply_inst/clk_gate_ciphertext1_reg_2_     top_SNPS_CLOCK_GATE_HIGH_homomorphic_multiply_PLAINTEXT_MODULUS64_PLAINTEXT_WIDTH6_DIMENSION10_CIPHERTEXT_MODULUS1024_CIPHERTEXT_WIDTH10_BIG_N30_24              1               22.522                0.000                0.000                0.000               22.522                0.000               22.522                0.000                0.000
  homomorphic_multiply_inst/clk_gate_ciphertext1_reg_3_     top_SNPS_CLOCK_GATE_HIGH_homomorphic_multiply_PLAINTEXT_MODULUS64_PLAINTEXT_WIDTH6_DIMENSION10_CIPHERTEXT_MODULUS1024_CIPHERTEXT_WIDTH10_BIG_N30_25              1               22.522                0.000                0.000                0.000               22.522                0.000               22.522                0.000                0.000
  homomorphic_multiply_inst/clk_gate_ciphertext1_reg_4_     top_SNPS_CLOCK_GATE_HIGH_homomorphic_multiply_PLAINTEXT_MODULUS64_PLAINTEXT_WIDTH6_DIMENSION10_CIPHERTEXT_MODULUS1024_CIPHERTEXT_WIDTH10_BIG_N30_26              1               22.522                0.000                0.000                0.000               22.522                0.000               22.522                0.000                0.000
  homomorphic_multiply_inst/clk_gate_ciphertext1_reg_5_     top_SNPS_CLOCK_GATE_HIGH_homomorphic_multiply_PLAINTEXT_MODULUS64_PLAINTEXT_WIDTH6_DIMENSION10_CIPHERTEXT_MODULUS1024_CIPHERTEXT_WIDTH10_BIG_N30_27              1               22.522                0.000                0.000                0.000               22.522                0.000               22.522                0.000                0.000
  homomorphic_multiply_inst/clk_gate_ciphertext1_reg_6_     top_SNPS_CLOCK_GATE_HIGH_homomorphic_multiply_PLAINTEXT_MODULUS64_PLAINTEXT_WIDTH6_DIMENSION10_CIPHERTEXT_MODULUS1024_CIPHERTEXT_WIDTH10_BIG_N30_28              1               22.522                0.000                0.000                0.000               22.522                0.000               22.522                0.000                0.000
  homomorphic_multiply_inst/clk_gate_ciphertext1_reg_7_     top_SNPS_CLOCK_GATE_HIGH_homomorphic_multiply_PLAINTEXT_MODULUS64_PLAINTEXT_WIDTH6_DIMENSION10_CIPHERTEXT_MODULUS1024_CIPHERTEXT_WIDTH10_BIG_N30_29              1               22.522                0.000                0.000                0.000               22.522                0.000               22.522                0.000                0.000
  homomorphic_multiply_inst/clk_gate_ciphertext1_reg_8_     top_SNPS_CLOCK_GATE_HIGH_homomorphic_multiply_PLAINTEXT_MODULUS64_PLAINTEXT_WIDTH6_DIMENSION10_CIPHERTEXT_MODULUS1024_CIPHERTEXT_WIDTH10_BIG_N30_30              1               22.522                0.000                0.000                0.000               22.522                0.000               22.522                0.000                0.000
  homomorphic_multiply_inst/clk_gate_ciphertext1_reg_9_     top_SNPS_CLOCK_GATE_HIGH_homomorphic_multiply_PLAINTEXT_MODULUS64_PLAINTEXT_WIDTH6_DIMENSION10_CIPHERTEXT_MODULUS1024_CIPHERTEXT_WIDTH10_BIG_N30_31              1               22.522                0.000                0.000                0.000               22.522                0.000               22.522                0.000                0.000
  homomorphic_multiply_inst/clk_gate_interim_result_reg_0_  top_SNPS_CLOCK_GATE_HIGH_homomorphic_multiply_PLAINTEXT_MODULUS64_PLAINTEXT_WIDTH6_DIMENSION10_CIPHERTEXT_MODULUS1024_CIPHERTEXT_WIDTH10_BIG_N30_1               2               40.038                0.000                0.000                0.000               40.038                0.000               40.038                0.000                0.000
  homomorphic_multiply_inst/clk_gate_interim_result_reg_10_ top_SNPS_CLOCK_GATE_HIGH_homomorphic_multiply_PLAINTEXT_MODULUS64_PLAINTEXT_WIDTH6_DIMENSION10_CIPHERTEXT_MODULUS1024_CIPHERTEXT_WIDTH10_BIG_N30_11              2               42.541                0.000                0.000                0.000               42.541                0.000               42.541                0.000                0.000
  homomorphic_multiply_inst/clk_gate_interim_result_reg_11_ top_SNPS_CLOCK_GATE_HIGH_homomorphic_multiply_PLAINTEXT_MODULUS64_PLAINTEXT_WIDTH6_DIMENSION10_CIPHERTEXT_MODULUS1024_CIPHERTEXT_WIDTH10_BIG_N30_12              2               40.038                0.000                0.000                0.000               40.038                0.000               40.038                0.000                0.000
  homomorphic_multiply_inst/clk_gate_interim_result_reg_12_ top_SNPS_CLOCK_GATE_HIGH_homomorphic_multiply_PLAINTEXT_MODULUS64_PLAINTEXT_WIDTH6_DIMENSION10_CIPHERTEXT_MODULUS1024_CIPHERTEXT_WIDTH10_BIG_N30_13              2               40.038                0.000                0.000                0.000               40.038                0.000               40.038                0.000                0.000
  homomorphic_multiply_inst/clk_gate_interim_result_reg_13_ top_SNPS_CLOCK_GATE_HIGH_homomorphic_multiply_PLAINTEXT_MODULUS64_PLAINTEXT_WIDTH6_DIMENSION10_CIPHERTEXT_MODULUS1024_CIPHERTEXT_WIDTH10_BIG_N30_14              2               40.038                0.000                0.000                0.000               40.038                0.000               40.038                0.000                0.000
  homomorphic_multiply_inst/clk_gate_interim_result_reg_14_ top_SNPS_CLOCK_GATE_HIGH_homomorphic_multiply_PLAINTEXT_MODULUS64_PLAINTEXT_WIDTH6_DIMENSION10_CIPHERTEXT_MODULUS1024_CIPHERTEXT_WIDTH10_BIG_N30_15              2               40.038                0.000                0.000                0.000               40.038                0.000               40.038                0.000                0.000
  homomorphic_multiply_inst/clk_gate_interim_result_reg_15_ top_SNPS_CLOCK_GATE_HIGH_homomorphic_multiply_PLAINTEXT_MODULUS64_PLAINTEXT_WIDTH6_DIMENSION10_CIPHERTEXT_MODULUS1024_CIPHERTEXT_WIDTH10_BIG_N30_16              2               42.541                0.000                0.000                0.000               42.541                0.000               42.541                0.000                0.000
  homomorphic_multiply_inst/clk_gate_interim_result_reg_16_ top_SNPS_CLOCK_GATE_HIGH_homomorphic_multiply_PLAINTEXT_MODULUS64_PLAINTEXT_WIDTH6_DIMENSION10_CIPHERTEXT_MODULUS1024_CIPHERTEXT_WIDTH10_BIG_N30_17              2               42.541                0.000                0.000                0.000               42.541                0.000               42.541                0.000                0.000
  homomorphic_multiply_inst/clk_gate_interim_result_reg_17_ top_SNPS_CLOCK_GATE_HIGH_homomorphic_multiply_PLAINTEXT_MODULUS64_PLAINTEXT_WIDTH6_DIMENSION10_CIPHERTEXT_MODULUS1024_CIPHERTEXT_WIDTH10_BIG_N30_18              2               42.541                0.000                0.000                0.000               42.541                0.000               42.541                0.000                0.000
  homomorphic_multiply_inst/clk_gate_interim_result_reg_18_ top_SNPS_CLOCK_GATE_HIGH_homomorphic_multiply_PLAINTEXT_MODULUS64_PLAINTEXT_WIDTH6_DIMENSION10_CIPHERTEXT_MODULUS1024_CIPHERTEXT_WIDTH10_BIG_N30_19              2               42.541                0.000                0.000                0.000               42.541                0.000               42.541                0.000                0.000
  homomorphic_multiply_inst/clk_gate_interim_result_reg_19_ top_SNPS_CLOCK_GATE_HIGH_homomorphic_multiply_PLAINTEXT_MODULUS64_PLAINTEXT_WIDTH6_DIMENSION10_CIPHERTEXT_MODULUS1024_CIPHERTEXT_WIDTH10_BIG_N30_20              2               45.043                0.000                0.000                0.000               45.043                0.000               45.043                0.000                0.000
  homomorphic_multiply_inst/clk_gate_interim_result_reg_1_  top_SNPS_CLOCK_GATE_HIGH_homomorphic_multiply_PLAINTEXT_MODULUS64_PLAINTEXT_WIDTH6_DIMENSION10_CIPHERTEXT_MODULUS1024_CIPHERTEXT_WIDTH10_BIG_N30_2               2               40.038                0.000                0.000                0.000               40.038                0.000               40.038                0.000                0.000
  homomorphic_multiply_inst/clk_gate_interim_result_reg_20_ top_SNPS_CLOCK_GATE_HIGH_homomorphic_multiply_PLAINTEXT_MODULUS64_PLAINTEXT_WIDTH6_DIMENSION10_CIPHERTEXT_MODULUS1024_CIPHERTEXT_WIDTH10_BIG_N30_21              2               42.541                0.000                0.000                0.000               42.541                0.000               42.541                0.000                0.000
  homomorphic_multiply_inst/clk_gate_interim_result_reg_2_  top_SNPS_CLOCK_GATE_HIGH_homomorphic_multiply_PLAINTEXT_MODULUS64_PLAINTEXT_WIDTH6_DIMENSION10_CIPHERTEXT_MODULUS1024_CIPHERTEXT_WIDTH10_BIG_N30_3               2               42.541                0.000                0.000                0.000               42.541                0.000               42.541                0.000                0.000
  homomorphic_multiply_inst/clk_gate_interim_result_reg_3_  top_SNPS_CLOCK_GATE_HIGH_homomorphic_multiply_PLAINTEXT_MODULUS64_PLAINTEXT_WIDTH6_DIMENSION10_CIPHERTEXT_MODULUS1024_CIPHERTEXT_WIDTH10_BIG_N30_4               2               40.038                0.000                0.000                0.000               40.038                0.000               40.038                0.000                0.000
  homomorphic_multiply_inst/clk_gate_interim_result_reg_4_  top_SNPS_CLOCK_GATE_HIGH_homomorphic_multiply_PLAINTEXT_MODULUS64_PLAINTEXT_WIDTH6_DIMENSION10_CIPHERTEXT_MODULUS1024_CIPHERTEXT_WIDTH10_BIG_N30_5               2               40.038                0.000                0.000                0.000               40.038                0.000               40.038                0.000                0.000
  homomorphic_multiply_inst/clk_gate_interim_result_reg_5_  top_SNPS_CLOCK_GATE_HIGH_homomorphic_multiply_PLAINTEXT_MODULUS64_PLAINTEXT_WIDTH6_DIMENSION10_CIPHERTEXT_MODULUS1024_CIPHERTEXT_WIDTH10_BIG_N30_6               2               42.541                0.000                0.000                0.000               42.541                0.000               42.541                0.000                0.000
  homomorphic_multiply_inst/clk_gate_interim_result_reg_6_  top_SNPS_CLOCK_GATE_HIGH_homomorphic_multiply_PLAINTEXT_MODULUS64_PLAINTEXT_WIDTH6_DIMENSION10_CIPHERTEXT_MODULUS1024_CIPHERTEXT_WIDTH10_BIG_N30_7               2               40.038                0.000                0.000                0.000               40.038                0.000               40.038                0.000                0.000
  homomorphic_multiply_inst/clk_gate_interim_result_reg_7_  top_SNPS_CLOCK_GATE_HIGH_homomorphic_multiply_PLAINTEXT_MODULUS64_PLAINTEXT_WIDTH6_DIMENSION10_CIPHERTEXT_MODULUS1024_CIPHERTEXT_WIDTH10_BIG_N30_8               2               40.038                0.000                0.000                0.000               40.038                0.000               40.038                0.000                0.000
  homomorphic_multiply_inst/clk_gate_interim_result_reg_8_  top_SNPS_CLOCK_GATE_HIGH_homomorphic_multiply_PLAINTEXT_MODULUS64_PLAINTEXT_WIDTH6_DIMENSION10_CIPHERTEXT_MODULUS1024_CIPHERTEXT_WIDTH10_BIG_N30_9               2               42.541                0.000                0.000                0.000               42.541                0.000               42.541                0.000                0.000
  homomorphic_multiply_inst/clk_gate_interim_result_reg_9_  top_SNPS_CLOCK_GATE_HIGH_homomorphic_multiply_PLAINTEXT_MODULUS64_PLAINTEXT_WIDTH6_DIMENSION10_CIPHERTEXT_MODULUS1024_CIPHERTEXT_WIDTH10_BIG_N30_10              2               42.541                0.000                0.000                0.000               42.541                0.000               42.541                0.000                0.000
 sram_inst                                                  top_sram_DATA_WIDTH32_ADDR_WIDTH10_DEPTH256_0                                                                                                                  300           574833.986             2081.997              563.040               51.299                0.000                0.000                0.000           572137.650                0.000
 wb_inst                                                    top_wishbone_ctl_30000000_0                                                                                                                                     83              984.694                3.754                5.005              296.534              679.402                0.000               18.768                0.000                0.000
  wb_inst/clk_gate_wbs_reg_i_reg                            top_SNPS_CLOCK_GATE_HIGH_wishbone_ctl_30000000_0                                                                                                                 1               18.768                0.000                0.000                0.000               18.768                0.000               18.768                0.000                0.000
